// Jest Snapshot v1, https://goo.gl/fbAQLP

exports[`Answer component renders correctly 1`] = `
<li
  className="jsx-500512577"
>
  <input
    className="jsx-500512577"
    disabled={true}
    id="this is an answer"
    name="group"
    onChange={[Function]}
    type="radio"
    value="this is an answer"
  />
  <label
    className="jsx-500512577 good"
    htmlFor="this is an answer"
  >
    this is an answer
  </label>
</li>
`;
